
  <link rel="stylesheet" href="dev.css">



  <script src="dev.js"></script>
  <script>
    var less = { env:'development' };
  </script>
