  <link rel="stylesheet" href="release.css">



  <script src="release.js"></script>
