
























  <link rel="stylesheet" href="not_bar.css">



  <link rel="stylesheet" href="not_bar_and_not_foo.css">







  <link rel="stylesheet" href="not_single-quoted-literal-target.css">



  <link rel="stylesheet" href="not_single-quoted-literal-target_and_not_foo.css">



  <link rel="stylesheet" href="double-quoted-literal-target.css">



  <link rel="stylesheet" href="double-quoted-literal-target_or_foo.css">





