  <link rel="stylesheet" href="release.css?001">



  <script src="release.js?002"></script>
